2024-09-30 15:10:05 - MOD: Modification Default

FILE: system/engine/action.php
REGEX: ~(require|include)(_once)?\(([^)]+)~
LINE: 69

FILE: system/engine/loader.php
REGEX: ~(require|include)(_once)?\(([^)]+)~
LINE: 77
LINE: 151
LINE: 168

FILE: system/library/config.php
REGEX: ~(require|include)(_once)?\(([^)]+)~
LINE: 59

FILE: system/library/language.php
REGEX: ~(require|include)(_once)?\(([^)]+)~
LINE: 67
LINE: 73

FILE: system/library/template/template.php
REGEX: ~(require|include)(_once)?\(([^)]+)~
LINE: 18

FILE: system/library/template/twig.php
CODE: if (is_file($file)) {
LINE: 13
----------------------------------------------------------------
MOD: dev-opencart.com - Фильтр товаров OCFilter v.4.7.5

FILE: admin/controller/catalog/product.php
CODE: function getForm() {
LINE: 496
CODE: if (isset($this->error['warning']))
LINE: 382
LINE: 513

FILE: admin/controller/common/column_left.php
CODE: if ($this->user->hasPermission('access', 'catalog/filter')) {
LINE: 78

FILE: admin/language/en-gb/catalog/product.php
CODE: $_['text_success']
LINE: 12

FILE: admin/language/en-gb/common/column_left.php
CODE: $_['text_option']
LINE: 48

FILE: admin/model/catalog/product.php
CODE: if (isset($data['product_layout'])) {
LINE: 144
LINE: 325
CODE: $data['product_attribute'] = $this->getProductAttributes($product_id);
LINE: 353
CODE: $this->db->query("DELETE FROM " . DB_PREFIX . "product WHERE product_id = '" . (int)$product_id . "'");
LINE: 378

FILE: admin/view/template/catalog/product_form.twig
CODE: <script type="text/javascript">
LINE: 1153

FILE: catalog/controller/startup/startup.php
CODE: Cart($this->registry));
LINE: 200

FILE: catalog/controller/startup/seo_url.php
CODE: $this->url->addRewrite($this);
LINE: 12

FILE: catalog/model/catalog/product.php
CODE: $sql .= " LEFT JOIN " . DB_PREFIX . "product_description
LINE: 92
LINE: 464
CODE: if (!empty($data['filter_manufacturer_id
LINE: 173
LINE: 552

FILE: catalog/controller/product/category.php
CODE: $data['breadcrumbs'] = array();
LINE: 50
CODE: $product_total =
LINE: 184
CODE: if (isset($this->request->get['filter'])) {
LINE: 244
CODE: if (isset($this->request->get['filter'])) {
LINE: 319
CODE: if (isset($this->request->get['filter'])) {
LINE: 354
CODE: $data['limit'] = $limit;
LINE: 466

FILE: system/library/document.php
CODE: public function getLinks
LINE: 106
CODE: private $keywords;
LINE: 20
CODE: public function setTitle($title) {
LINE: 42

FILE: catalog/controller/common/header.php
CODE: getTitle();
LINE: 31

FILE: catalog/view/theme/default/template/common/header.twig
CODE: </title>
LINE: 18

FILE: catalog/language/en-gb/common/footer.php
CODE: http://opencart.pro/
NOT FOUND - OPERATIONS ABORTED!

FILE: (sub modification) catalog/language/en-gb/common/footer.php
CODE: http://myopencart.com/
NOT FOUND - OPERATIONS ABORTED!

FILE: (sub modification) catalog/language/en-gb/common/footer.php
CODE: http://www.opencart.com
LINE: 16

FILE: (sub modification) catalog/language/en-gb/common/footer.php
CODE: http://lowenet.biz/
NOT FOUND - OPERATIONS ABORTED!
----------------------------------------------------------------
2024-10-02 15:01:20 - MOD: Modification Default

FILE: system/engine/action.php
REGEX: ~(require|include)(_once)?\(([^)]+)~
LINE: 69

FILE: system/engine/loader.php
REGEX: ~(require|include)(_once)?\(([^)]+)~
LINE: 77
LINE: 151
LINE: 168

FILE: system/library/config.php
REGEX: ~(require|include)(_once)?\(([^)]+)~
LINE: 59

FILE: system/library/language.php
REGEX: ~(require|include)(_once)?\(([^)]+)~
LINE: 67
LINE: 73

FILE: system/library/template/template.php
REGEX: ~(require|include)(_once)?\(([^)]+)~
LINE: 18

FILE: system/library/template/twig.php
CODE: if (is_file($file)) {
LINE: 13
----------------------------------------------------------------
MOD: dev-opencart.com - Фильтр товаров OCFilter v.4.7.5

FILE: admin/controller/catalog/product.php
CODE: function getForm() {
LINE: 496
CODE: if (isset($this->error['warning']))
LINE: 382
LINE: 513

FILE: admin/controller/common/column_left.php
CODE: if ($this->user->hasPermission('access', 'catalog/filter')) {
LINE: 78

FILE: admin/language/en-gb/catalog/product.php
CODE: $_['text_success']
LINE: 12

FILE: admin/language/en-gb/common/column_left.php
CODE: $_['text_option']
LINE: 48

FILE: admin/model/catalog/product.php
CODE: if (isset($data['product_layout'])) {
LINE: 144
LINE: 325
CODE: $data['product_attribute'] = $this->getProductAttributes($product_id);
LINE: 353
CODE: $this->db->query("DELETE FROM " . DB_PREFIX . "product WHERE product_id = '" . (int)$product_id . "'");
LINE: 378

FILE: admin/view/template/catalog/product_form.twig
CODE: <script type="text/javascript">
LINE: 1153

FILE: catalog/controller/startup/startup.php
CODE: Cart($this->registry));
LINE: 200

FILE: catalog/controller/startup/seo_url.php
CODE: $this->url->addRewrite($this);
LINE: 12

FILE: catalog/model/catalog/product.php
CODE: $sql .= " LEFT JOIN " . DB_PREFIX . "product_description
LINE: 92
LINE: 464
CODE: if (!empty($data['filter_manufacturer_id
LINE: 173
LINE: 552

FILE: catalog/controller/product/category.php
CODE: $data['breadcrumbs'] = array();
LINE: 50
CODE: $product_total =
LINE: 184
CODE: if (isset($this->request->get['filter'])) {
LINE: 244
CODE: if (isset($this->request->get['filter'])) {
LINE: 319
CODE: if (isset($this->request->get['filter'])) {
LINE: 354
CODE: $data['limit'] = $limit;
LINE: 466

FILE: system/library/document.php
CODE: public function getLinks
LINE: 106
CODE: private $keywords;
LINE: 20
CODE: public function setTitle($title) {
LINE: 42

FILE: catalog/controller/common/header.php
CODE: getTitle();
LINE: 31

FILE: catalog/view/theme/default/template/common/header.twig
CODE: </title>
LINE: 18

FILE: catalog/language/en-gb/common/footer.php
CODE: http://opencart.pro/
NOT FOUND - OPERATIONS ABORTED!

FILE: (sub modification) catalog/language/en-gb/common/footer.php
CODE: http://myopencart.com/
NOT FOUND - OPERATIONS ABORTED!

FILE: (sub modification) catalog/language/en-gb/common/footer.php
CODE: http://www.opencart.com
LINE: 16

FILE: (sub modification) catalog/language/en-gb/common/footer.php
CODE: http://lowenet.biz/
NOT FOUND - OPERATIONS ABORTED!
----------------------------------------------------------------
2024-10-02 15:10:10 - MOD: Modification Default

FILE: system/engine/action.php
REGEX: ~(require|include)(_once)?\(([^)]+)~
LINE: 69

FILE: system/engine/loader.php
REGEX: ~(require|include)(_once)?\(([^)]+)~
LINE: 77
LINE: 151
LINE: 168

FILE: system/library/config.php
REGEX: ~(require|include)(_once)?\(([^)]+)~
LINE: 59

FILE: system/library/language.php
REGEX: ~(require|include)(_once)?\(([^)]+)~
LINE: 67
LINE: 73

FILE: system/library/template/template.php
REGEX: ~(require|include)(_once)?\(([^)]+)~
LINE: 18

FILE: system/library/template/twig.php
CODE: if (is_file($file)) {
LINE: 13
----------------------------------------------------------------
MOD: dev-opencart.com - Фильтр товаров OCFilter v.4.7.5

FILE: admin/controller/catalog/product.php
CODE: function getForm() {
LINE: 496
CODE: if (isset($this->error['warning']))
LINE: 382
LINE: 513

FILE: admin/controller/common/column_left.php
CODE: if ($this->user->hasPermission('access', 'catalog/filter')) {
LINE: 78

FILE: admin/language/en-gb/catalog/product.php
CODE: $_['text_success']
LINE: 12

FILE: admin/language/en-gb/common/column_left.php
CODE: $_['text_option']
LINE: 48

FILE: admin/model/catalog/product.php
CODE: if (isset($data['product_layout'])) {
LINE: 144
LINE: 325
CODE: $data['product_attribute'] = $this->getProductAttributes($product_id);
LINE: 353
CODE: $this->db->query("DELETE FROM " . DB_PREFIX . "product WHERE product_id = '" . (int)$product_id . "'");
LINE: 378

FILE: admin/view/template/catalog/product_form.twig
CODE: <script type="text/javascript">
LINE: 1153

FILE: catalog/controller/startup/startup.php
CODE: Cart($this->registry));
LINE: 200

FILE: catalog/controller/startup/seo_url.php
CODE: $this->url->addRewrite($this);
LINE: 12

FILE: catalog/model/catalog/product.php
CODE: $sql .= " LEFT JOIN " . DB_PREFIX . "product_description
LINE: 92
LINE: 464
CODE: if (!empty($data['filter_manufacturer_id
LINE: 173
LINE: 552

FILE: catalog/controller/product/category.php
CODE: $data['breadcrumbs'] = array();
LINE: 50
CODE: $product_total =
LINE: 184
CODE: if (isset($this->request->get['filter'])) {
LINE: 244
CODE: if (isset($this->request->get['filter'])) {
LINE: 319
CODE: if (isset($this->request->get['filter'])) {
LINE: 354
CODE: $data['limit'] = $limit;
LINE: 466

FILE: system/library/document.php
CODE: public function getLinks
LINE: 106
CODE: private $keywords;
LINE: 20
CODE: public function setTitle($title) {
LINE: 42

FILE: catalog/controller/common/header.php
CODE: getTitle();
LINE: 31

FILE: catalog/view/theme/default/template/common/header.twig
CODE: </title>
LINE: 18

FILE: catalog/language/en-gb/common/footer.php
CODE: http://opencart.pro/
NOT FOUND - OPERATIONS ABORTED!

FILE: (sub modification) catalog/language/en-gb/common/footer.php
CODE: http://myopencart.com/
NOT FOUND - OPERATIONS ABORTED!

FILE: (sub modification) catalog/language/en-gb/common/footer.php
CODE: http://www.opencart.com
LINE: 16

FILE: (sub modification) catalog/language/en-gb/common/footer.php
CODE: http://lowenet.biz/
NOT FOUND - OPERATIONS ABORTED!
----------------------------------------------------------------
2024-10-02 15:56:52 - MOD: Modification Default

FILE: system/engine/action.php
REGEX: ~(require|include)(_once)?\(([^)]+)~
LINE: 69

FILE: system/engine/loader.php
REGEX: ~(require|include)(_once)?\(([^)]+)~
LINE: 77
LINE: 151
LINE: 168

FILE: system/library/config.php
REGEX: ~(require|include)(_once)?\(([^)]+)~
LINE: 59

FILE: system/library/language.php
REGEX: ~(require|include)(_once)?\(([^)]+)~
LINE: 67
LINE: 73

FILE: system/library/template/template.php
REGEX: ~(require|include)(_once)?\(([^)]+)~
LINE: 18

FILE: system/library/template/twig.php
CODE: if (is_file($file)) {
LINE: 13
----------------------------------------------------------------
MOD: dev-opencart.com - Фильтр товаров OCFilter v.4.7.5

FILE: admin/controller/catalog/product.php
CODE: function getForm() {
LINE: 496
CODE: if (isset($this->error['warning']))
LINE: 382
LINE: 513

FILE: admin/controller/common/column_left.php
CODE: if ($this->user->hasPermission('access', 'catalog/filter')) {
LINE: 78

FILE: admin/language/en-gb/catalog/product.php
CODE: $_['text_success']
LINE: 12

FILE: admin/language/en-gb/common/column_left.php
CODE: $_['text_option']
LINE: 48

FILE: admin/model/catalog/product.php
CODE: if (isset($data['product_layout'])) {
LINE: 144
LINE: 325
CODE: $data['product_attribute'] = $this->getProductAttributes($product_id);
LINE: 353
CODE: $this->db->query("DELETE FROM " . DB_PREFIX . "product WHERE product_id = '" . (int)$product_id . "'");
LINE: 378

FILE: admin/view/template/catalog/product_form.twig
CODE: <script type="text/javascript">
LINE: 1153

FILE: catalog/controller/startup/startup.php
CODE: Cart($this->registry));
LINE: 200

FILE: catalog/controller/startup/seo_url.php
CODE: $this->url->addRewrite($this);
LINE: 12

FILE: catalog/model/catalog/product.php
CODE: $sql .= " LEFT JOIN " . DB_PREFIX . "product_description
LINE: 92
LINE: 464
CODE: if (!empty($data['filter_manufacturer_id
LINE: 173
LINE: 552

FILE: catalog/controller/product/category.php
CODE: $data['breadcrumbs'] = array();
LINE: 50
CODE: $product_total =
LINE: 184
CODE: if (isset($this->request->get['filter'])) {
LINE: 244
CODE: if (isset($this->request->get['filter'])) {
LINE: 319
CODE: if (isset($this->request->get['filter'])) {
LINE: 354
CODE: $data['limit'] = $limit;
LINE: 466

FILE: system/library/document.php
CODE: public function getLinks
LINE: 106
CODE: private $keywords;
LINE: 20
CODE: public function setTitle($title) {
LINE: 42

FILE: catalog/controller/common/header.php
CODE: getTitle();
LINE: 31

FILE: catalog/view/theme/default/template/common/header.twig
CODE: </title>
LINE: 18

FILE: catalog/language/en-gb/common/footer.php
CODE: http://opencart.pro/
NOT FOUND - OPERATIONS ABORTED!

FILE: (sub modification) catalog/language/en-gb/common/footer.php
CODE: http://myopencart.com/
NOT FOUND - OPERATIONS ABORTED!

FILE: (sub modification) catalog/language/en-gb/common/footer.php
CODE: http://www.opencart.com
LINE: 16

FILE: (sub modification) catalog/language/en-gb/common/footer.php
CODE: http://lowenet.biz/
NOT FOUND - OPERATIONS ABORTED!
----------------------------------------------------------------
2024-10-02 16:08:11 - MOD: Modification Default

FILE: system/engine/action.php
REGEX: ~(require|include)(_once)?\(([^)]+)~
LINE: 69

FILE: system/engine/loader.php
REGEX: ~(require|include)(_once)?\(([^)]+)~
LINE: 77
LINE: 151
LINE: 168

FILE: system/library/config.php
REGEX: ~(require|include)(_once)?\(([^)]+)~
LINE: 59

FILE: system/library/language.php
REGEX: ~(require|include)(_once)?\(([^)]+)~
LINE: 67
LINE: 73

FILE: system/library/template/template.php
REGEX: ~(require|include)(_once)?\(([^)]+)~
LINE: 18

FILE: system/library/template/twig.php
CODE: if (is_file($file)) {
LINE: 13
----------------------------------------------------------------
MOD: dev-opencart.com - Фильтр товаров OCFilter v.4.7.5

FILE: admin/controller/catalog/product.php
CODE: function getForm() {
LINE: 496
CODE: if (isset($this->error['warning']))
LINE: 382
LINE: 513

FILE: admin/controller/common/column_left.php
CODE: if ($this->user->hasPermission('access', 'catalog/filter')) {
LINE: 78

FILE: admin/language/en-gb/catalog/product.php
CODE: $_['text_success']
LINE: 12

FILE: admin/language/en-gb/common/column_left.php
CODE: $_['text_option']
LINE: 48

FILE: admin/model/catalog/product.php
CODE: if (isset($data['product_layout'])) {
LINE: 144
LINE: 325
CODE: $data['product_attribute'] = $this->getProductAttributes($product_id);
LINE: 353
CODE: $this->db->query("DELETE FROM " . DB_PREFIX . "product WHERE product_id = '" . (int)$product_id . "'");
LINE: 378

FILE: admin/view/template/catalog/product_form.twig
CODE: <script type="text/javascript">
LINE: 1153

FILE: catalog/controller/startup/startup.php
CODE: Cart($this->registry));
LINE: 200

FILE: catalog/controller/startup/seo_url.php
CODE: $this->url->addRewrite($this);
LINE: 12

FILE: catalog/model/catalog/product.php
CODE: $sql .= " LEFT JOIN " . DB_PREFIX . "product_description
LINE: 92
LINE: 464
CODE: if (!empty($data['filter_manufacturer_id
LINE: 173
LINE: 552

FILE: catalog/controller/product/category.php
CODE: $data['breadcrumbs'] = array();
LINE: 50
CODE: $product_total =
LINE: 184
CODE: if (isset($this->request->get['filter'])) {
LINE: 244
CODE: if (isset($this->request->get['filter'])) {
LINE: 319
CODE: if (isset($this->request->get['filter'])) {
LINE: 354
CODE: $data['limit'] = $limit;
LINE: 466

FILE: system/library/document.php
CODE: public function getLinks
LINE: 106
CODE: private $keywords;
LINE: 20
CODE: public function setTitle($title) {
LINE: 42

FILE: catalog/controller/common/header.php
CODE: getTitle();
LINE: 31

FILE: catalog/view/theme/default/template/common/header.twig
CODE: </title>
LINE: 18

FILE: catalog/language/en-gb/common/footer.php
CODE: http://opencart.pro/
NOT FOUND - OPERATIONS ABORTED!

FILE: (sub modification) catalog/language/en-gb/common/footer.php
CODE: http://myopencart.com/
NOT FOUND - OPERATIONS ABORTED!

FILE: (sub modification) catalog/language/en-gb/common/footer.php
CODE: http://www.opencart.com
LINE: 16

FILE: (sub modification) catalog/language/en-gb/common/footer.php
CODE: http://lowenet.biz/
NOT FOUND - OPERATIONS ABORTED!
----------------------------------------------------------------
2024-10-02 16:22:44 - MOD: Modification Default

FILE: system/engine/action.php
REGEX: ~(require|include)(_once)?\(([^)]+)~
LINE: 69

FILE: system/engine/loader.php
REGEX: ~(require|include)(_once)?\(([^)]+)~
LINE: 77
LINE: 151
LINE: 168

FILE: system/library/config.php
REGEX: ~(require|include)(_once)?\(([^)]+)~
LINE: 59

FILE: system/library/language.php
REGEX: ~(require|include)(_once)?\(([^)]+)~
LINE: 67
LINE: 73

FILE: system/library/template/template.php
REGEX: ~(require|include)(_once)?\(([^)]+)~
LINE: 18

FILE: system/library/template/twig.php
CODE: if (is_file($file)) {
LINE: 13
----------------------------------------------------------------
MOD: dev-opencart.com - Фильтр товаров OCFilter v.4.7.5

FILE: admin/controller/catalog/product.php
CODE: function getForm() {
LINE: 496
CODE: if (isset($this->error['warning']))
LINE: 382
LINE: 513

FILE: admin/controller/common/column_left.php
CODE: if ($this->user->hasPermission('access', 'catalog/filter')) {
LINE: 78

FILE: admin/language/en-gb/catalog/product.php
CODE: $_['text_success']
LINE: 12

FILE: admin/language/en-gb/common/column_left.php
CODE: $_['text_option']
LINE: 48

FILE: admin/model/catalog/product.php
CODE: if (isset($data['product_layout'])) {
LINE: 144
LINE: 325
CODE: $data['product_attribute'] = $this->getProductAttributes($product_id);
LINE: 353
CODE: $this->db->query("DELETE FROM " . DB_PREFIX . "product WHERE product_id = '" . (int)$product_id . "'");
LINE: 378

FILE: admin/view/template/catalog/product_form.twig
CODE: <script type="text/javascript">
LINE: 1153

FILE: catalog/controller/startup/startup.php
CODE: Cart($this->registry));
LINE: 200

FILE: catalog/controller/startup/seo_url.php
CODE: $this->url->addRewrite($this);
LINE: 12

FILE: catalog/model/catalog/product.php
CODE: $sql .= " LEFT JOIN " . DB_PREFIX . "product_description
LINE: 92
LINE: 464
CODE: if (!empty($data['filter_manufacturer_id
LINE: 173
LINE: 552

FILE: catalog/controller/product/category.php
CODE: $data['breadcrumbs'] = array();
LINE: 50
CODE: $product_total =
LINE: 184
CODE: if (isset($this->request->get['filter'])) {
LINE: 244
CODE: if (isset($this->request->get['filter'])) {
LINE: 319
CODE: if (isset($this->request->get['filter'])) {
LINE: 354
CODE: $data['limit'] = $limit;
LINE: 466

FILE: system/library/document.php
CODE: public function getLinks
LINE: 106
CODE: private $keywords;
LINE: 20
CODE: public function setTitle($title) {
LINE: 42

FILE: catalog/controller/common/header.php
CODE: getTitle();
LINE: 31

FILE: catalog/view/theme/default/template/common/header.twig
CODE: </title>
LINE: 18

FILE: catalog/language/en-gb/common/footer.php
CODE: http://opencart.pro/
NOT FOUND - OPERATIONS ABORTED!

FILE: (sub modification) catalog/language/en-gb/common/footer.php
CODE: http://myopencart.com/
NOT FOUND - OPERATIONS ABORTED!

FILE: (sub modification) catalog/language/en-gb/common/footer.php
CODE: http://www.opencart.com
LINE: 16

FILE: (sub modification) catalog/language/en-gb/common/footer.php
CODE: http://lowenet.biz/
NOT FOUND - OPERATIONS ABORTED!
----------------------------------------------------------------
2024-10-02 16:55:10 - MOD: Modification Default

FILE: system/engine/action.php
REGEX: ~(require|include)(_once)?\(([^)]+)~
LINE: 69

FILE: system/engine/loader.php
REGEX: ~(require|include)(_once)?\(([^)]+)~
LINE: 77
LINE: 151
LINE: 168

FILE: system/library/config.php
REGEX: ~(require|include)(_once)?\(([^)]+)~
LINE: 59

FILE: system/library/language.php
REGEX: ~(require|include)(_once)?\(([^)]+)~
LINE: 67
LINE: 73

FILE: system/library/template/template.php
REGEX: ~(require|include)(_once)?\(([^)]+)~
LINE: 18

FILE: system/library/template/twig.php
CODE: if (is_file($file)) {
LINE: 13
----------------------------------------------------------------
MOD: dev-opencart.com - Фильтр товаров OCFilter v.4.7.5

FILE: admin/controller/catalog/product.php
CODE: function getForm() {
LINE: 496
CODE: if (isset($this->error['warning']))
LINE: 382
LINE: 513

FILE: admin/controller/common/column_left.php
CODE: if ($this->user->hasPermission('access', 'catalog/filter')) {
LINE: 78

FILE: admin/language/en-gb/catalog/product.php
CODE: $_['text_success']
LINE: 12

FILE: admin/language/en-gb/common/column_left.php
CODE: $_['text_option']
LINE: 48

FILE: admin/model/catalog/product.php
CODE: if (isset($data['product_layout'])) {
LINE: 144
LINE: 325
CODE: $data['product_attribute'] = $this->getProductAttributes($product_id);
LINE: 353
CODE: $this->db->query("DELETE FROM " . DB_PREFIX . "product WHERE product_id = '" . (int)$product_id . "'");
LINE: 378

FILE: admin/view/template/catalog/product_form.twig
CODE: <script type="text/javascript">
LINE: 1153

FILE: catalog/controller/startup/startup.php
CODE: Cart($this->registry));
LINE: 200

FILE: catalog/controller/startup/seo_url.php
CODE: $this->url->addRewrite($this);
LINE: 12

FILE: catalog/model/catalog/product.php
CODE: $sql .= " LEFT JOIN " . DB_PREFIX . "product_description
LINE: 92
LINE: 464
CODE: if (!empty($data['filter_manufacturer_id
LINE: 173
LINE: 552

FILE: catalog/controller/product/category.php
CODE: $data['breadcrumbs'] = array();
LINE: 50
CODE: $product_total =
LINE: 184
CODE: if (isset($this->request->get['filter'])) {
LINE: 244
CODE: if (isset($this->request->get['filter'])) {
LINE: 319
CODE: if (isset($this->request->get['filter'])) {
LINE: 354
CODE: $data['limit'] = $limit;
LINE: 466

FILE: system/library/document.php
CODE: public function getLinks
LINE: 106
CODE: private $keywords;
LINE: 20
CODE: public function setTitle($title) {
LINE: 42

FILE: catalog/controller/common/header.php
CODE: getTitle();
LINE: 31

FILE: catalog/view/theme/default/template/common/header.twig
CODE: </title>
LINE: 18

FILE: catalog/language/en-gb/common/footer.php
CODE: http://opencart.pro/
NOT FOUND - OPERATIONS ABORTED!

FILE: (sub modification) catalog/language/en-gb/common/footer.php
CODE: http://myopencart.com/
NOT FOUND - OPERATIONS ABORTED!

FILE: (sub modification) catalog/language/en-gb/common/footer.php
CODE: http://www.opencart.com
LINE: 16

FILE: (sub modification) catalog/language/en-gb/common/footer.php
CODE: http://lowenet.biz/
NOT FOUND - OPERATIONS ABORTED!
----------------------------------------------------------------
2024-10-03 5:17:12 - MOD: Modification Default

FILE: system/engine/action.php
REGEX: ~(require|include)(_once)?\(([^)]+)~
LINE: 69

FILE: system/engine/loader.php
REGEX: ~(require|include)(_once)?\(([^)]+)~
LINE: 77
LINE: 151
LINE: 168

FILE: system/library/config.php
REGEX: ~(require|include)(_once)?\(([^)]+)~
LINE: 59

FILE: system/library/language.php
REGEX: ~(require|include)(_once)?\(([^)]+)~
LINE: 67
LINE: 73

FILE: system/library/template/template.php
REGEX: ~(require|include)(_once)?\(([^)]+)~
LINE: 18

FILE: system/library/template/twig.php
CODE: if (is_file($file)) {
LINE: 13
----------------------------------------------------------------
MOD: dev-opencart.com - Фильтр товаров OCFilter v.4.7.5

FILE: admin/controller/catalog/product.php
CODE: function getForm() {
LINE: 496
CODE: if (isset($this->error['warning']))
LINE: 382
LINE: 513

FILE: admin/controller/common/column_left.php
CODE: if ($this->user->hasPermission('access', 'catalog/filter')) {
LINE: 78

FILE: admin/language/en-gb/catalog/product.php
CODE: $_['text_success']
LINE: 12

FILE: admin/language/en-gb/common/column_left.php
CODE: $_['text_option']
LINE: 48

FILE: admin/model/catalog/product.php
CODE: if (isset($data['product_layout'])) {
LINE: 144
LINE: 325
CODE: $data['product_attribute'] = $this->getProductAttributes($product_id);
LINE: 353
CODE: $this->db->query("DELETE FROM " . DB_PREFIX . "product WHERE product_id = '" . (int)$product_id . "'");
LINE: 378

FILE: admin/view/template/catalog/product_form.twig
CODE: <script type="text/javascript">
LINE: 1153

FILE: catalog/controller/startup/startup.php
CODE: Cart($this->registry));
LINE: 200

FILE: catalog/controller/startup/seo_url.php
CODE: $this->url->addRewrite($this);
LINE: 12

FILE: catalog/model/catalog/product.php
CODE: $sql .= " LEFT JOIN " . DB_PREFIX . "product_description
LINE: 92
LINE: 464
CODE: if (!empty($data['filter_manufacturer_id
LINE: 173
LINE: 552

FILE: catalog/controller/product/category.php
CODE: $data['breadcrumbs'] = array();
LINE: 50
CODE: $product_total =
LINE: 184
CODE: if (isset($this->request->get['filter'])) {
LINE: 244
CODE: if (isset($this->request->get['filter'])) {
LINE: 319
CODE: if (isset($this->request->get['filter'])) {
LINE: 354
CODE: $data['limit'] = $limit;
LINE: 466

FILE: system/library/document.php
CODE: public function getLinks
LINE: 106
CODE: private $keywords;
LINE: 20
CODE: public function setTitle($title) {
LINE: 42

FILE: catalog/controller/common/header.php
CODE: getTitle();
LINE: 31

FILE: catalog/view/theme/default/template/common/header.twig
CODE: </title>
LINE: 18

FILE: catalog/language/en-gb/common/footer.php
CODE: http://opencart.pro/
NOT FOUND - OPERATIONS ABORTED!

FILE: (sub modification) catalog/language/en-gb/common/footer.php
CODE: http://myopencart.com/
NOT FOUND - OPERATIONS ABORTED!

FILE: (sub modification) catalog/language/en-gb/common/footer.php
CODE: http://www.opencart.com
LINE: 16

FILE: (sub modification) catalog/language/en-gb/common/footer.php
CODE: http://lowenet.biz/
NOT FOUND - OPERATIONS ABORTED!
----------------------------------------------------------------
2024-10-03 5:17:17 - MOD: Modification Default

FILE: system/engine/action.php
REGEX: ~(require|include)(_once)?\(([^)]+)~
LINE: 69

FILE: system/engine/loader.php
REGEX: ~(require|include)(_once)?\(([^)]+)~
LINE: 77
LINE: 151
LINE: 168

FILE: system/library/config.php
REGEX: ~(require|include)(_once)?\(([^)]+)~
LINE: 59

FILE: system/library/language.php
REGEX: ~(require|include)(_once)?\(([^)]+)~
LINE: 67
LINE: 73

FILE: system/library/template/template.php
REGEX: ~(require|include)(_once)?\(([^)]+)~
LINE: 18

FILE: system/library/template/twig.php
CODE: if (is_file($file)) {
LINE: 13
----------------------------------------------------------------
MOD: dev-opencart.com - Фильтр товаров OCFilter v.4.7.5

FILE: admin/controller/catalog/product.php
CODE: function getForm() {
LINE: 496
CODE: if (isset($this->error['warning']))
LINE: 382
LINE: 513

FILE: admin/controller/common/column_left.php
CODE: if ($this->user->hasPermission('access', 'catalog/filter')) {
LINE: 78

FILE: admin/language/en-gb/catalog/product.php
CODE: $_['text_success']
LINE: 12

FILE: admin/language/en-gb/common/column_left.php
CODE: $_['text_option']
LINE: 48

FILE: admin/model/catalog/product.php
CODE: if (isset($data['product_layout'])) {
LINE: 144
LINE: 325
CODE: $data['product_attribute'] = $this->getProductAttributes($product_id);
LINE: 353
CODE: $this->db->query("DELETE FROM " . DB_PREFIX . "product WHERE product_id = '" . (int)$product_id . "'");
LINE: 378

FILE: admin/view/template/catalog/product_form.twig
CODE: <script type="text/javascript">
LINE: 1153

FILE: catalog/controller/startup/startup.php
CODE: Cart($this->registry));
LINE: 200

FILE: catalog/controller/startup/seo_url.php
CODE: $this->url->addRewrite($this);
LINE: 12

FILE: catalog/model/catalog/product.php
CODE: $sql .= " LEFT JOIN " . DB_PREFIX . "product_description
LINE: 92
LINE: 464
CODE: if (!empty($data['filter_manufacturer_id
LINE: 173
LINE: 552

FILE: catalog/controller/product/category.php
CODE: $data['breadcrumbs'] = array();
LINE: 50
CODE: $product_total =
LINE: 184
CODE: if (isset($this->request->get['filter'])) {
LINE: 244
CODE: if (isset($this->request->get['filter'])) {
LINE: 319
CODE: if (isset($this->request->get['filter'])) {
LINE: 354
CODE: $data['limit'] = $limit;
LINE: 466

FILE: system/library/document.php
CODE: public function getLinks
LINE: 106
CODE: private $keywords;
LINE: 20
CODE: public function setTitle($title) {
LINE: 42

FILE: catalog/controller/common/header.php
CODE: getTitle();
LINE: 31

FILE: catalog/view/theme/default/template/common/header.twig
CODE: </title>
LINE: 18

FILE: catalog/language/en-gb/common/footer.php
CODE: http://opencart.pro/
NOT FOUND - OPERATIONS ABORTED!

FILE: (sub modification) catalog/language/en-gb/common/footer.php
CODE: http://myopencart.com/
NOT FOUND - OPERATIONS ABORTED!

FILE: (sub modification) catalog/language/en-gb/common/footer.php
CODE: http://www.opencart.com
LINE: 16

FILE: (sub modification) catalog/language/en-gb/common/footer.php
CODE: http://lowenet.biz/
NOT FOUND - OPERATIONS ABORTED!
----------------------------------------------------------------
2024-10-03 8:56:32 - MOD: Modification Default

FILE: system/engine/action.php
REGEX: ~(require|include)(_once)?\(([^)]+)~
LINE: 69

FILE: system/engine/loader.php
REGEX: ~(require|include)(_once)?\(([^)]+)~
LINE: 77
LINE: 151
LINE: 168

FILE: system/library/config.php
REGEX: ~(require|include)(_once)?\(([^)]+)~
LINE: 59

FILE: system/library/language.php
REGEX: ~(require|include)(_once)?\(([^)]+)~
LINE: 67
LINE: 73

FILE: system/library/template/template.php
REGEX: ~(require|include)(_once)?\(([^)]+)~
LINE: 18

FILE: system/library/template/twig.php
CODE: if (is_file($file)) {
LINE: 13
----------------------------------------------------------------
MOD: dev-opencart.com - Фильтр товаров OCFilter v.4.7.5

FILE: admin/controller/catalog/product.php
CODE: function getForm() {
LINE: 496
CODE: if (isset($this->error['warning']))
LINE: 382
LINE: 513

FILE: admin/controller/common/column_left.php
CODE: if ($this->user->hasPermission('access', 'catalog/filter')) {
LINE: 78

FILE: admin/language/en-gb/catalog/product.php
CODE: $_['text_success']
LINE: 12

FILE: admin/language/en-gb/common/column_left.php
CODE: $_['text_option']
LINE: 48

FILE: admin/model/catalog/product.php
CODE: if (isset($data['product_layout'])) {
LINE: 144
LINE: 325
CODE: $data['product_attribute'] = $this->getProductAttributes($product_id);
LINE: 353
CODE: $this->db->query("DELETE FROM " . DB_PREFIX . "product WHERE product_id = '" . (int)$product_id . "'");
LINE: 378

FILE: admin/view/template/catalog/product_form.twig
CODE: <script type="text/javascript">
LINE: 1153

FILE: catalog/controller/startup/startup.php
CODE: Cart($this->registry));
LINE: 200

FILE: catalog/controller/startup/seo_url.php
CODE: $this->url->addRewrite($this);
LINE: 12

FILE: catalog/model/catalog/product.php
CODE: $sql .= " LEFT JOIN " . DB_PREFIX . "product_description
LINE: 92
LINE: 464
CODE: if (!empty($data['filter_manufacturer_id
LINE: 173
LINE: 552

FILE: catalog/controller/product/category.php
CODE: $data['breadcrumbs'] = array();
LINE: 50
CODE: $product_total =
LINE: 184
CODE: if (isset($this->request->get['filter'])) {
LINE: 244
CODE: if (isset($this->request->get['filter'])) {
LINE: 319
CODE: if (isset($this->request->get['filter'])) {
LINE: 354
CODE: $data['limit'] = $limit;
LINE: 466

FILE: system/library/document.php
CODE: public function getLinks
LINE: 106
CODE: private $keywords;
LINE: 20
CODE: public function setTitle($title) {
LINE: 42

FILE: catalog/controller/common/header.php
CODE: getTitle();
LINE: 31

FILE: catalog/view/theme/default/template/common/header.twig
CODE: </title>
LINE: 18

FILE: catalog/language/en-gb/common/footer.php
CODE: http://opencart.pro/
NOT FOUND - OPERATIONS ABORTED!

FILE: (sub modification) catalog/language/en-gb/common/footer.php
CODE: http://myopencart.com/
NOT FOUND - OPERATIONS ABORTED!

FILE: (sub modification) catalog/language/en-gb/common/footer.php
CODE: http://www.opencart.com
LINE: 16

FILE: (sub modification) catalog/language/en-gb/common/footer.php
CODE: http://lowenet.biz/
NOT FOUND - OPERATIONS ABORTED!
----------------------------------------------------------------
2024-10-03 8:56:50 - MOD: Modification Default

FILE: system/engine/action.php
REGEX: ~(require|include)(_once)?\(([^)]+)~
LINE: 69

FILE: system/engine/loader.php
REGEX: ~(require|include)(_once)?\(([^)]+)~
LINE: 77
LINE: 151
LINE: 168

FILE: system/library/config.php
REGEX: ~(require|include)(_once)?\(([^)]+)~
LINE: 59

FILE: system/library/language.php
REGEX: ~(require|include)(_once)?\(([^)]+)~
LINE: 67
LINE: 73

FILE: system/library/template/template.php
REGEX: ~(require|include)(_once)?\(([^)]+)~
LINE: 18

FILE: system/library/template/twig.php
CODE: if (is_file($file)) {
LINE: 13
----------------------------------------------------------------
2024-10-03 8:57:11 - MOD: Modification Default

FILE: system/engine/action.php
REGEX: ~(require|include)(_once)?\(([^)]+)~
LINE: 69

FILE: system/engine/loader.php
REGEX: ~(require|include)(_once)?\(([^)]+)~
LINE: 77
LINE: 151
LINE: 168

FILE: system/library/config.php
REGEX: ~(require|include)(_once)?\(([^)]+)~
LINE: 59

FILE: system/library/language.php
REGEX: ~(require|include)(_once)?\(([^)]+)~
LINE: 67
LINE: 73

FILE: system/library/template/template.php
REGEX: ~(require|include)(_once)?\(([^)]+)~
LINE: 18

FILE: system/library/template/twig.php
CODE: if (is_file($file)) {
LINE: 13
----------------------------------------------------------------
MOD: dev-opencart.com - Фильтр товаров OCFilter v.4.7.5

FILE: admin/controller/catalog/product.php
CODE: function getForm() {
LINE: 496
CODE: if (isset($this->error['warning']))
LINE: 382
LINE: 513

FILE: admin/controller/common/column_left.php
CODE: if ($this->user->hasPermission('access', 'catalog/filter')) {
LINE: 78

FILE: admin/language/en-gb/catalog/product.php
CODE: $_['text_success']
LINE: 12

FILE: admin/language/en-gb/common/column_left.php
CODE: $_['text_option']
LINE: 48

FILE: admin/model/catalog/product.php
CODE: if (isset($data['product_layout'])) {
LINE: 144
LINE: 325
CODE: $data['product_attribute'] = $this->getProductAttributes($product_id);
LINE: 353
CODE: $this->db->query("DELETE FROM " . DB_PREFIX . "product WHERE product_id = '" . (int)$product_id . "'");
LINE: 378

FILE: admin/view/template/catalog/product_form.twig
CODE: <script type="text/javascript">
LINE: 1153

FILE: catalog/controller/startup/startup.php
CODE: Cart($this->registry));
LINE: 200

FILE: catalog/controller/startup/seo_url.php
CODE: $this->url->addRewrite($this);
LINE: 12

FILE: catalog/model/catalog/product.php
CODE: $sql .= " LEFT JOIN " . DB_PREFIX . "product_description
LINE: 92
LINE: 464
CODE: if (!empty($data['filter_manufacturer_id
LINE: 173
LINE: 552

FILE: catalog/controller/product/category.php
CODE: $data['breadcrumbs'] = array();
LINE: 50
CODE: $product_total =
LINE: 184
CODE: if (isset($this->request->get['filter'])) {
LINE: 244
CODE: if (isset($this->request->get['filter'])) {
LINE: 319
CODE: if (isset($this->request->get['filter'])) {
LINE: 354
CODE: $data['limit'] = $limit;
LINE: 466

FILE: system/library/document.php
CODE: public function getLinks
LINE: 106
CODE: private $keywords;
LINE: 20
CODE: public function setTitle($title) {
LINE: 42

FILE: catalog/controller/common/header.php
CODE: getTitle();
LINE: 31

FILE: catalog/view/theme/default/template/common/header.twig
CODE: </title>
LINE: 18

FILE: catalog/language/en-gb/common/footer.php
CODE: http://opencart.pro/
NOT FOUND - OPERATIONS ABORTED!

FILE: (sub modification) catalog/language/en-gb/common/footer.php
CODE: http://myopencart.com/
NOT FOUND - OPERATIONS ABORTED!

FILE: (sub modification) catalog/language/en-gb/common/footer.php
CODE: http://www.opencart.com
LINE: 16

FILE: (sub modification) catalog/language/en-gb/common/footer.php
CODE: http://lowenet.biz/
NOT FOUND - OPERATIONS ABORTED!
----------------------------------------------------------------
2024-10-03 9:42:30 - MOD: Modification Default

FILE: system/engine/action.php
REGEX: ~(require|include)(_once)?\(([^)]+)~
LINE: 69

FILE: system/engine/loader.php
REGEX: ~(require|include)(_once)?\(([^)]+)~
LINE: 77
LINE: 151
LINE: 168

FILE: system/library/config.php
REGEX: ~(require|include)(_once)?\(([^)]+)~
LINE: 59

FILE: system/library/language.php
REGEX: ~(require|include)(_once)?\(([^)]+)~
LINE: 67
LINE: 73

FILE: system/library/template/template.php
REGEX: ~(require|include)(_once)?\(([^)]+)~
LINE: 18

FILE: system/library/template/twig.php
CODE: if (is_file($file)) {
LINE: 13
----------------------------------------------------------------
MOD: dev-opencart.com - Фильтр товаров OCFilter v.4.7.5

FILE: admin/controller/catalog/product.php
CODE: function getForm() {
LINE: 496
CODE: if (isset($this->error['warning']))
LINE: 382
LINE: 513

FILE: admin/controller/common/column_left.php
CODE: if ($this->user->hasPermission('access', 'catalog/filter')) {
LINE: 78

FILE: admin/language/en-gb/catalog/product.php
CODE: $_['text_success']
LINE: 12

FILE: admin/language/en-gb/common/column_left.php
CODE: $_['text_option']
LINE: 48

FILE: admin/model/catalog/product.php
CODE: if (isset($data['product_layout'])) {
LINE: 144
LINE: 325
CODE: $data['product_attribute'] = $this->getProductAttributes($product_id);
LINE: 353
CODE: $this->db->query("DELETE FROM " . DB_PREFIX . "product WHERE product_id = '" . (int)$product_id . "'");
LINE: 378

FILE: admin/view/template/catalog/product_form.twig
CODE: <script type="text/javascript">
LINE: 1153

FILE: catalog/controller/startup/startup.php
CODE: Cart($this->registry));
LINE: 200

FILE: catalog/controller/startup/seo_url.php
CODE: $this->url->addRewrite($this);
LINE: 12

FILE: catalog/model/catalog/product.php
CODE: $sql .= " LEFT JOIN " . DB_PREFIX . "product_description
LINE: 92
LINE: 464
CODE: if (!empty($data['filter_manufacturer_id
LINE: 173
LINE: 552

FILE: catalog/controller/product/category.php
CODE: $data['breadcrumbs'] = array();
LINE: 50
CODE: $product_total =
LINE: 184
CODE: if (isset($this->request->get['filter'])) {
LINE: 244
CODE: if (isset($this->request->get['filter'])) {
LINE: 319
CODE: if (isset($this->request->get['filter'])) {
LINE: 354
CODE: $data['limit'] = $limit;
LINE: 466

FILE: system/library/document.php
CODE: public function getLinks
LINE: 106
CODE: private $keywords;
LINE: 20
CODE: public function setTitle($title) {
LINE: 42

FILE: catalog/controller/common/header.php
CODE: getTitle();
LINE: 31

FILE: catalog/view/theme/default/template/common/header.twig
CODE: </title>
LINE: 18

FILE: catalog/language/en-gb/common/footer.php
CODE: http://opencart.pro/
NOT FOUND - OPERATIONS ABORTED!

FILE: (sub modification) catalog/language/en-gb/common/footer.php
CODE: http://myopencart.com/
NOT FOUND - OPERATIONS ABORTED!

FILE: (sub modification) catalog/language/en-gb/common/footer.php
CODE: http://www.opencart.com
LINE: 16

FILE: (sub modification) catalog/language/en-gb/common/footer.php
CODE: http://lowenet.biz/
NOT FOUND - OPERATIONS ABORTED!
----------------------------------------------------------------
2024-10-03 10:47:57 - MOD: Modification Default

FILE: system/engine/action.php
REGEX: ~(require|include)(_once)?\(([^)]+)~
LINE: 69

FILE: system/engine/loader.php
REGEX: ~(require|include)(_once)?\(([^)]+)~
LINE: 77
LINE: 151
LINE: 168

FILE: system/library/config.php
REGEX: ~(require|include)(_once)?\(([^)]+)~
LINE: 59

FILE: system/library/language.php
REGEX: ~(require|include)(_once)?\(([^)]+)~
LINE: 67
LINE: 73

FILE: system/library/template/template.php
REGEX: ~(require|include)(_once)?\(([^)]+)~
LINE: 18

FILE: system/library/template/twig.php
CODE: if (is_file($file)) {
LINE: 13
----------------------------------------------------------------
MOD: dev-opencart.com - Фильтр товаров OCFilter v.4.7.5

FILE: admin/controller/catalog/product.php
CODE: function getForm() {
LINE: 496
CODE: if (isset($this->error['warning']))
LINE: 382
LINE: 513

FILE: admin/controller/common/column_left.php
CODE: if ($this->user->hasPermission('access', 'catalog/filter')) {
LINE: 78

FILE: admin/language/en-gb/catalog/product.php
CODE: $_['text_success']
LINE: 12

FILE: admin/language/en-gb/common/column_left.php
CODE: $_['text_option']
LINE: 48

FILE: admin/model/catalog/product.php
CODE: if (isset($data['product_layout'])) {
LINE: 144
LINE: 325
CODE: $data['product_attribute'] = $this->getProductAttributes($product_id);
LINE: 353
CODE: $this->db->query("DELETE FROM " . DB_PREFIX . "product WHERE product_id = '" . (int)$product_id . "'");
LINE: 378

FILE: admin/view/template/catalog/product_form.twig
CODE: <script type="text/javascript">
LINE: 1153

FILE: catalog/controller/startup/startup.php
CODE: Cart($this->registry));
LINE: 200

FILE: catalog/controller/startup/seo_url.php
CODE: $this->url->addRewrite($this);
LINE: 12

FILE: catalog/model/catalog/product.php
CODE: $sql .= " LEFT JOIN " . DB_PREFIX . "product_description
LINE: 92
LINE: 464
CODE: if (!empty($data['filter_manufacturer_id
LINE: 173
LINE: 552

FILE: catalog/controller/product/category.php
CODE: $data['breadcrumbs'] = array();
LINE: 50
CODE: $product_total =
LINE: 184
CODE: if (isset($this->request->get['filter'])) {
LINE: 244
CODE: if (isset($this->request->get['filter'])) {
LINE: 319
CODE: if (isset($this->request->get['filter'])) {
LINE: 354
CODE: $data['limit'] = $limit;
LINE: 466

FILE: system/library/document.php
CODE: public function getLinks
LINE: 106
CODE: private $keywords;
LINE: 20
CODE: public function setTitle($title) {
LINE: 42

FILE: catalog/controller/common/header.php
CODE: getTitle();
LINE: 31

FILE: catalog/view/theme/default/template/common/header.twig
CODE: </title>
LINE: 18

FILE: catalog/language/en-gb/common/footer.php
CODE: http://opencart.pro/
NOT FOUND - OPERATIONS ABORTED!

FILE: (sub modification) catalog/language/en-gb/common/footer.php
CODE: http://myopencart.com/
NOT FOUND - OPERATIONS ABORTED!

FILE: (sub modification) catalog/language/en-gb/common/footer.php
CODE: http://www.opencart.com
LINE: 16

FILE: (sub modification) catalog/language/en-gb/common/footer.php
CODE: http://lowenet.biz/
NOT FOUND - OPERATIONS ABORTED!
----------------------------------------------------------------
2024-10-03 10:52:48 - MOD: Modification Default

FILE: system/engine/action.php
REGEX: ~(require|include)(_once)?\(([^)]+)~
LINE: 69

FILE: system/engine/loader.php
REGEX: ~(require|include)(_once)?\(([^)]+)~
LINE: 77
LINE: 151
LINE: 168

FILE: system/library/config.php
REGEX: ~(require|include)(_once)?\(([^)]+)~
LINE: 59

FILE: system/library/language.php
REGEX: ~(require|include)(_once)?\(([^)]+)~
LINE: 67
LINE: 73

FILE: system/library/template/template.php
REGEX: ~(require|include)(_once)?\(([^)]+)~
LINE: 18

FILE: system/library/template/twig.php
CODE: if (is_file($file)) {
LINE: 13
----------------------------------------------------------------
MOD: dev-opencart.com - Фильтр товаров OCFilter v.4.7.5

FILE: admin/controller/catalog/product.php
CODE: function getForm() {
LINE: 496
CODE: if (isset($this->error['warning']))
LINE: 382
LINE: 513

FILE: admin/controller/common/column_left.php
CODE: if ($this->user->hasPermission('access', 'catalog/filter')) {
LINE: 78

FILE: admin/language/en-gb/catalog/product.php
CODE: $_['text_success']
LINE: 12

FILE: admin/language/en-gb/common/column_left.php
CODE: $_['text_option']
LINE: 48

FILE: admin/model/catalog/product.php
CODE: if (isset($data['product_layout'])) {
LINE: 144
LINE: 325
CODE: $data['product_attribute'] = $this->getProductAttributes($product_id);
LINE: 353
CODE: $this->db->query("DELETE FROM " . DB_PREFIX . "product WHERE product_id = '" . (int)$product_id . "'");
LINE: 378

FILE: admin/view/template/catalog/product_form.twig
CODE: <script type="text/javascript">
LINE: 1153

FILE: catalog/controller/startup/startup.php
CODE: Cart($this->registry));
LINE: 200

FILE: catalog/controller/startup/seo_url.php
CODE: $this->url->addRewrite($this);
LINE: 12

FILE: catalog/model/catalog/product.php
CODE: $sql .= " LEFT JOIN " . DB_PREFIX . "product_description
LINE: 92
LINE: 464
CODE: if (!empty($data['filter_manufacturer_id
LINE: 173
LINE: 552

FILE: catalog/controller/product/category.php
CODE: $data['breadcrumbs'] = array();
LINE: 50
CODE: $product_total =
LINE: 184
CODE: if (isset($this->request->get['filter'])) {
LINE: 244
CODE: if (isset($this->request->get['filter'])) {
LINE: 319
CODE: if (isset($this->request->get['filter'])) {
LINE: 354
CODE: $data['limit'] = $limit;
LINE: 466

FILE: system/library/document.php
CODE: public function getLinks
LINE: 106
CODE: private $keywords;
LINE: 20
CODE: public function setTitle($title) {
LINE: 42

FILE: catalog/controller/common/header.php
CODE: getTitle();
LINE: 31

FILE: catalog/view/theme/default/template/common/header.twig
CODE: </title>
LINE: 18

FILE: catalog/language/en-gb/common/footer.php
CODE: http://opencart.pro/
NOT FOUND - OPERATIONS ABORTED!

FILE: (sub modification) catalog/language/en-gb/common/footer.php
CODE: http://myopencart.com/
NOT FOUND - OPERATIONS ABORTED!

FILE: (sub modification) catalog/language/en-gb/common/footer.php
CODE: http://www.opencart.com
LINE: 16

FILE: (sub modification) catalog/language/en-gb/common/footer.php
CODE: http://lowenet.biz/
NOT FOUND - OPERATIONS ABORTED!
----------------------------------------------------------------
2024-10-03 10:54:04 - MOD: Modification Default

FILE: system/engine/action.php
REGEX: ~(require|include)(_once)?\(([^)]+)~
LINE: 69

FILE: system/engine/loader.php
REGEX: ~(require|include)(_once)?\(([^)]+)~
LINE: 77
LINE: 151
LINE: 168

FILE: system/library/config.php
REGEX: ~(require|include)(_once)?\(([^)]+)~
LINE: 59

FILE: system/library/language.php
REGEX: ~(require|include)(_once)?\(([^)]+)~
LINE: 67
LINE: 73

FILE: system/library/template/template.php
REGEX: ~(require|include)(_once)?\(([^)]+)~
LINE: 18

FILE: system/library/template/twig.php
CODE: if (is_file($file)) {
LINE: 14
----------------------------------------------------------------
MOD: dev-opencart.com - Фильтр товаров OCFilter v.4.7.5

FILE: admin/controller/catalog/product.php
CODE: function getForm() {
LINE: 496
CODE: if (isset($this->error['warning']))
LINE: 382
LINE: 513

FILE: admin/controller/common/column_left.php
CODE: if ($this->user->hasPermission('access', 'catalog/filter')) {
LINE: 78

FILE: admin/language/en-gb/catalog/product.php
CODE: $_['text_success']
LINE: 12

FILE: admin/language/en-gb/common/column_left.php
CODE: $_['text_option']
LINE: 48

FILE: admin/model/catalog/product.php
CODE: if (isset($data['product_layout'])) {
LINE: 144
LINE: 325
CODE: $data['product_attribute'] = $this->getProductAttributes($product_id);
LINE: 353
CODE: $this->db->query("DELETE FROM " . DB_PREFIX . "product WHERE product_id = '" . (int)$product_id . "'");
LINE: 378

FILE: admin/view/template/catalog/product_form.twig
CODE: <script type="text/javascript">
LINE: 1153

FILE: catalog/controller/startup/startup.php
CODE: Cart($this->registry));
LINE: 200

FILE: catalog/controller/startup/seo_url.php
CODE: $this->url->addRewrite($this);
LINE: 12

FILE: catalog/model/catalog/product.php
CODE: $sql .= " LEFT JOIN " . DB_PREFIX . "product_description
LINE: 92
LINE: 464
CODE: if (!empty($data['filter_manufacturer_id
LINE: 173
LINE: 552

FILE: catalog/controller/product/category.php
CODE: $data['breadcrumbs'] = array();
LINE: 50
CODE: $product_total =
LINE: 184
CODE: if (isset($this->request->get['filter'])) {
LINE: 244
CODE: if (isset($this->request->get['filter'])) {
LINE: 319
CODE: if (isset($this->request->get['filter'])) {
LINE: 354
CODE: $data['limit'] = $limit;
LINE: 466

FILE: system/library/document.php
CODE: public function getLinks
LINE: 106
CODE: private $keywords;
LINE: 20
CODE: public function setTitle($title) {
LINE: 42

FILE: catalog/controller/common/header.php
CODE: getTitle();
LINE: 31

FILE: catalog/view/theme/default/template/common/header.twig
CODE: </title>
LINE: 18

FILE: catalog/language/en-gb/common/footer.php
CODE: http://opencart.pro/
NOT FOUND - OPERATIONS ABORTED!

FILE: (sub modification) catalog/language/en-gb/common/footer.php
CODE: http://myopencart.com/
NOT FOUND - OPERATIONS ABORTED!

FILE: (sub modification) catalog/language/en-gb/common/footer.php
CODE: http://www.opencart.com
LINE: 16

FILE: (sub modification) catalog/language/en-gb/common/footer.php
CODE: http://lowenet.biz/
NOT FOUND - OPERATIONS ABORTED!
----------------------------------------------------------------
2024-10-03 10:56:51 - MOD: Modification Default

FILE: system/engine/action.php
REGEX: ~(require|include)(_once)?\(([^)]+)~
LINE: 69

FILE: system/engine/loader.php
REGEX: ~(require|include)(_once)?\(([^)]+)~
LINE: 77
LINE: 151
LINE: 168

FILE: system/library/config.php
REGEX: ~(require|include)(_once)?\(([^)]+)~
LINE: 59

FILE: system/library/language.php
REGEX: ~(require|include)(_once)?\(([^)]+)~
LINE: 67
LINE: 73

FILE: system/library/template/template.php
REGEX: ~(require|include)(_once)?\(([^)]+)~
LINE: 18

FILE: system/library/template/twig.php
CODE: if (is_file($file)) {
LINE: 14
----------------------------------------------------------------
MOD: dev-opencart.com - Фильтр товаров OCFilter v.4.7.5

FILE: admin/controller/catalog/product.php
CODE: function getForm() {
LINE: 496
CODE: if (isset($this->error['warning']))
LINE: 382
LINE: 513

FILE: admin/controller/common/column_left.php
CODE: if ($this->user->hasPermission('access', 'catalog/filter')) {
LINE: 78

FILE: admin/language/en-gb/catalog/product.php
CODE: $_['text_success']
LINE: 12

FILE: admin/language/en-gb/common/column_left.php
CODE: $_['text_option']
LINE: 48

FILE: admin/model/catalog/product.php
CODE: if (isset($data['product_layout'])) {
LINE: 144
LINE: 325
CODE: $data['product_attribute'] = $this->getProductAttributes($product_id);
LINE: 353
CODE: $this->db->query("DELETE FROM " . DB_PREFIX . "product WHERE product_id = '" . (int)$product_id . "'");
LINE: 378

FILE: admin/view/template/catalog/product_form.twig
CODE: <script type="text/javascript">
LINE: 1153

FILE: catalog/controller/startup/startup.php
CODE: Cart($this->registry));
LINE: 200

FILE: catalog/controller/startup/seo_url.php
CODE: $this->url->addRewrite($this);
LINE: 12

FILE: catalog/model/catalog/product.php
CODE: $sql .= " LEFT JOIN " . DB_PREFIX . "product_description
LINE: 92
LINE: 464
CODE: if (!empty($data['filter_manufacturer_id
LINE: 173
LINE: 552

FILE: catalog/controller/product/category.php
CODE: $data['breadcrumbs'] = array();
LINE: 50
CODE: $product_total =
LINE: 184
CODE: if (isset($this->request->get['filter'])) {
LINE: 244
CODE: if (isset($this->request->get['filter'])) {
LINE: 319
CODE: if (isset($this->request->get['filter'])) {
LINE: 354
CODE: $data['limit'] = $limit;
LINE: 466

FILE: system/library/document.php
CODE: public function getLinks
LINE: 106
CODE: private $keywords;
LINE: 20
CODE: public function setTitle($title) {
LINE: 42

FILE: catalog/controller/common/header.php
CODE: getTitle();
LINE: 31

FILE: catalog/view/theme/default/template/common/header.twig
CODE: </title>
LINE: 18

FILE: catalog/language/en-gb/common/footer.php
CODE: http://opencart.pro/
NOT FOUND - OPERATIONS ABORTED!

FILE: (sub modification) catalog/language/en-gb/common/footer.php
CODE: http://myopencart.com/
NOT FOUND - OPERATIONS ABORTED!

FILE: (sub modification) catalog/language/en-gb/common/footer.php
CODE: http://www.opencart.com
LINE: 16

FILE: (sub modification) catalog/language/en-gb/common/footer.php
CODE: http://lowenet.biz/
NOT FOUND - OPERATIONS ABORTED!
----------------------------------------------------------------
2024-10-03 10:59:08 - MOD: Modification Default

FILE: system/engine/action.php
REGEX: ~(require|include)(_once)?\(([^)]+)~
LINE: 69

FILE: system/engine/loader.php
REGEX: ~(require|include)(_once)?\(([^)]+)~
LINE: 77
LINE: 151
LINE: 168

FILE: system/library/config.php
REGEX: ~(require|include)(_once)?\(([^)]+)~
LINE: 59

FILE: system/library/language.php
REGEX: ~(require|include)(_once)?\(([^)]+)~
LINE: 67
LINE: 73

FILE: system/library/template/template.php
REGEX: ~(require|include)(_once)?\(([^)]+)~
LINE: 18

FILE: system/library/template/twig.php
CODE: if (is_file($file)) {
LINE: 13
----------------------------------------------------------------
MOD: dev-opencart.com - Фильтр товаров OCFilter v.4.7.5

FILE: admin/controller/catalog/product.php
CODE: function getForm() {
LINE: 496
CODE: if (isset($this->error['warning']))
LINE: 382
LINE: 513

FILE: admin/controller/common/column_left.php
CODE: if ($this->user->hasPermission('access', 'catalog/filter')) {
LINE: 78

FILE: admin/language/en-gb/catalog/product.php
CODE: $_['text_success']
LINE: 12

FILE: admin/language/en-gb/common/column_left.php
CODE: $_['text_option']
LINE: 48

FILE: admin/model/catalog/product.php
CODE: if (isset($data['product_layout'])) {
LINE: 144
LINE: 325
CODE: $data['product_attribute'] = $this->getProductAttributes($product_id);
LINE: 353
CODE: $this->db->query("DELETE FROM " . DB_PREFIX . "product WHERE product_id = '" . (int)$product_id . "'");
LINE: 378

FILE: admin/view/template/catalog/product_form.twig
CODE: <script type="text/javascript">
LINE: 1153

FILE: catalog/controller/startup/startup.php
CODE: Cart($this->registry));
LINE: 200

FILE: catalog/controller/startup/seo_url.php
CODE: $this->url->addRewrite($this);
LINE: 12

FILE: catalog/model/catalog/product.php
CODE: $sql .= " LEFT JOIN " . DB_PREFIX . "product_description
LINE: 92
LINE: 464
CODE: if (!empty($data['filter_manufacturer_id
LINE: 173
LINE: 552

FILE: catalog/controller/product/category.php
CODE: $data['breadcrumbs'] = array();
LINE: 50
CODE: $product_total =
LINE: 184
CODE: if (isset($this->request->get['filter'])) {
LINE: 244
CODE: if (isset($this->request->get['filter'])) {
LINE: 319
CODE: if (isset($this->request->get['filter'])) {
LINE: 354
CODE: $data['limit'] = $limit;
LINE: 466

FILE: system/library/document.php
CODE: public function getLinks
LINE: 106
CODE: private $keywords;
LINE: 20
CODE: public function setTitle($title) {
LINE: 42

FILE: catalog/controller/common/header.php
CODE: getTitle();
LINE: 31

FILE: catalog/view/theme/default/template/common/header.twig
CODE: </title>
LINE: 18

FILE: catalog/language/en-gb/common/footer.php
CODE: http://opencart.pro/
NOT FOUND - OPERATIONS ABORTED!

FILE: (sub modification) catalog/language/en-gb/common/footer.php
CODE: http://myopencart.com/
NOT FOUND - OPERATIONS ABORTED!

FILE: (sub modification) catalog/language/en-gb/common/footer.php
CODE: http://www.opencart.com
LINE: 16

FILE: (sub modification) catalog/language/en-gb/common/footer.php
CODE: http://lowenet.biz/
NOT FOUND - OPERATIONS ABORTED!
----------------------------------------------------------------
2024-10-03 11:00:06 - MOD: Modification Default

FILE: system/engine/action.php
REGEX: ~(require|include)(_once)?\(([^)]+)~
LINE: 69

FILE: system/engine/loader.php
REGEX: ~(require|include)(_once)?\(([^)]+)~
LINE: 77
LINE: 151
LINE: 168

FILE: system/library/config.php
REGEX: ~(require|include)(_once)?\(([^)]+)~
LINE: 59

FILE: system/library/language.php
REGEX: ~(require|include)(_once)?\(([^)]+)~
LINE: 67
LINE: 73

FILE: system/library/template/template.php
REGEX: ~(require|include)(_once)?\(([^)]+)~
LINE: 18

FILE: system/library/template/twig.php
CODE: if (is_file($file)) {
LINE: 13
----------------------------------------------------------------
MOD: dev-opencart.com - Фильтр товаров OCFilter v.4.7.5

FILE: admin/controller/catalog/product.php
CODE: function getForm() {
LINE: 496
CODE: if (isset($this->error['warning']))
LINE: 382
LINE: 513

FILE: admin/controller/common/column_left.php
CODE: if ($this->user->hasPermission('access', 'catalog/filter')) {
LINE: 78

FILE: admin/language/en-gb/catalog/product.php
CODE: $_['text_success']
LINE: 12

FILE: admin/language/en-gb/common/column_left.php
CODE: $_['text_option']
LINE: 48

FILE: admin/model/catalog/product.php
CODE: if (isset($data['product_layout'])) {
LINE: 144
LINE: 325
CODE: $data['product_attribute'] = $this->getProductAttributes($product_id);
LINE: 353
CODE: $this->db->query("DELETE FROM " . DB_PREFIX . "product WHERE product_id = '" . (int)$product_id . "'");
LINE: 378

FILE: admin/view/template/catalog/product_form.twig
CODE: <script type="text/javascript">
LINE: 1153

FILE: catalog/controller/startup/startup.php
CODE: Cart($this->registry));
LINE: 200

FILE: catalog/controller/startup/seo_url.php
CODE: $this->url->addRewrite($this);
LINE: 12

FILE: catalog/model/catalog/product.php
CODE: $sql .= " LEFT JOIN " . DB_PREFIX . "product_description
LINE: 92
LINE: 464
CODE: if (!empty($data['filter_manufacturer_id
LINE: 173
LINE: 552

FILE: catalog/controller/product/category.php
CODE: $data['breadcrumbs'] = array();
LINE: 50
CODE: $product_total =
LINE: 184
CODE: if (isset($this->request->get['filter'])) {
LINE: 244
CODE: if (isset($this->request->get['filter'])) {
LINE: 319
CODE: if (isset($this->request->get['filter'])) {
LINE: 354
CODE: $data['limit'] = $limit;
LINE: 466

FILE: system/library/document.php
CODE: public function getLinks
LINE: 106
CODE: private $keywords;
LINE: 20
CODE: public function setTitle($title) {
LINE: 42

FILE: catalog/controller/common/header.php
CODE: getTitle();
LINE: 31

FILE: catalog/view/theme/default/template/common/header.twig
CODE: </title>
LINE: 18

FILE: catalog/language/en-gb/common/footer.php
CODE: http://opencart.pro/
NOT FOUND - OPERATIONS ABORTED!

FILE: (sub modification) catalog/language/en-gb/common/footer.php
CODE: http://myopencart.com/
NOT FOUND - OPERATIONS ABORTED!

FILE: (sub modification) catalog/language/en-gb/common/footer.php
CODE: http://www.opencart.com
LINE: 16

FILE: (sub modification) catalog/language/en-gb/common/footer.php
CODE: http://lowenet.biz/
NOT FOUND - OPERATIONS ABORTED!
----------------------------------------------------------------
2024-10-03 13:17:42 - MOD: Modification Default

FILE: system/engine/action.php
REGEX: ~(require|include)(_once)?\(([^)]+)~
LINE: 69

FILE: system/engine/loader.php
REGEX: ~(require|include)(_once)?\(([^)]+)~
LINE: 77
LINE: 151
LINE: 168

FILE: system/library/config.php
REGEX: ~(require|include)(_once)?\(([^)]+)~
LINE: 59

FILE: system/library/language.php
REGEX: ~(require|include)(_once)?\(([^)]+)~
LINE: 67
LINE: 73

FILE: system/library/template/template.php
REGEX: ~(require|include)(_once)?\(([^)]+)~
LINE: 18

FILE: system/library/template/twig.php
CODE: if (is_file($file)) {
LINE: 13
----------------------------------------------------------------
MOD: dev-opencart.com - Фильтр товаров OCFilter v.4.7.5

FILE: admin/controller/catalog/product.php
CODE: function getForm() {
LINE: 496
CODE: if (isset($this->error['warning']))
LINE: 382
LINE: 513

FILE: admin/controller/common/column_left.php
CODE: if ($this->user->hasPermission('access', 'catalog/filter')) {
LINE: 78

FILE: admin/language/en-gb/catalog/product.php
CODE: $_['text_success']
LINE: 12

FILE: admin/language/en-gb/common/column_left.php
CODE: $_['text_option']
LINE: 48

FILE: admin/model/catalog/product.php
CODE: if (isset($data['product_layout'])) {
LINE: 144
LINE: 325
CODE: $data['product_attribute'] = $this->getProductAttributes($product_id);
LINE: 353
CODE: $this->db->query("DELETE FROM " . DB_PREFIX . "product WHERE product_id = '" . (int)$product_id . "'");
LINE: 378

FILE: admin/view/template/catalog/product_form.twig
CODE: <script type="text/javascript">
LINE: 1153

FILE: catalog/controller/startup/startup.php
CODE: Cart($this->registry));
LINE: 200

FILE: catalog/controller/startup/seo_url.php
CODE: $this->url->addRewrite($this);
LINE: 12

FILE: catalog/model/catalog/product.php
CODE: $sql .= " LEFT JOIN " . DB_PREFIX . "product_description
LINE: 92
LINE: 464
CODE: if (!empty($data['filter_manufacturer_id
LINE: 173
LINE: 552

FILE: catalog/controller/product/category.php
CODE: $data['breadcrumbs'] = array();
LINE: 50
CODE: $product_total =
LINE: 184
CODE: if (isset($this->request->get['filter'])) {
LINE: 244
CODE: if (isset($this->request->get['filter'])) {
LINE: 319
CODE: if (isset($this->request->get['filter'])) {
LINE: 354
CODE: $data['limit'] = $limit;
LINE: 466

FILE: system/library/document.php
CODE: public function getLinks
LINE: 106
CODE: private $keywords;
LINE: 20
CODE: public function setTitle($title) {
LINE: 42

FILE: catalog/controller/common/header.php
CODE: getTitle();
LINE: 31

FILE: catalog/view/theme/default/template/common/header.twig
CODE: </title>
LINE: 18

FILE: catalog/language/en-gb/common/footer.php
CODE: http://opencart.pro/
NOT FOUND - OPERATIONS ABORTED!

FILE: (sub modification) catalog/language/en-gb/common/footer.php
CODE: http://myopencart.com/
NOT FOUND - OPERATIONS ABORTED!

FILE: (sub modification) catalog/language/en-gb/common/footer.php
CODE: http://www.opencart.com
LINE: 16

FILE: (sub modification) catalog/language/en-gb/common/footer.php
CODE: http://lowenet.biz/
NOT FOUND - OPERATIONS ABORTED!
----------------------------------------------------------------
2025-01-28 9:44:10 - MOD: Modification Default

FILE: system/engine/action.php
REGEX: ~(require|include)(_once)?\(([^)]+)~
LINE: 69

FILE: system/engine/loader.php
REGEX: ~(require|include)(_once)?\(([^)]+)~
LINE: 77
LINE: 151
LINE: 168

FILE: system/library/config.php
REGEX: ~(require|include)(_once)?\(([^)]+)~
LINE: 59

FILE: system/library/language.php
REGEX: ~(require|include)(_once)?\(([^)]+)~
LINE: 67
LINE: 73

FILE: system/library/template/template.php
REGEX: ~(require|include)(_once)?\(([^)]+)~
LINE: 18

FILE: system/library/template/twig.php
CODE: if (is_file($file)) {
LINE: 13
----------------------------------------------------------------
MOD: DEV-OPENCART.COM —  Localcopy (Загрузка без настроек FTP)

FILE: admin/controller/marketplace/install.php
CODE: if ($safe) {
LINE: 165
CODE: if (is_dir($file) && !is_dir($path)) {
LINE: 221
----------------------------------------------------------------
2025-01-28 9:45:48 - MOD: Modification Default

FILE: system/engine/action.php
REGEX: ~(require|include)(_once)?\(([^)]+)~
LINE: 69

FILE: system/engine/loader.php
REGEX: ~(require|include)(_once)?\(([^)]+)~
LINE: 77
LINE: 151
LINE: 168

FILE: system/library/config.php
REGEX: ~(require|include)(_once)?\(([^)]+)~
LINE: 59

FILE: system/library/language.php
REGEX: ~(require|include)(_once)?\(([^)]+)~
LINE: 67
LINE: 73

FILE: system/library/template/template.php
REGEX: ~(require|include)(_once)?\(([^)]+)~
LINE: 18

FILE: system/library/template/twig.php
CODE: if (is_file($file)) {
LINE: 13
----------------------------------------------------------------
MOD: DEV-OPENCART.COM —  Localcopy (Загрузка без настроек FTP)

FILE: admin/controller/marketplace/install.php
CODE: if ($safe) {
LINE: 165
CODE: if (is_dir($file) && !is_dir($path)) {
LINE: 221
----------------------------------------------------------------
2025-01-28 9:48:44 - MOD: Modification Default

FILE: system/engine/action.php
REGEX: ~(require|include)(_once)?\(([^)]+)~
LINE: 69

FILE: system/engine/loader.php
REGEX: ~(require|include)(_once)?\(([^)]+)~
LINE: 77
LINE: 151
LINE: 168

FILE: system/library/config.php
REGEX: ~(require|include)(_once)?\(([^)]+)~
LINE: 59

FILE: system/library/language.php
REGEX: ~(require|include)(_once)?\(([^)]+)~
LINE: 67
LINE: 73

FILE: system/library/template/template.php
REGEX: ~(require|include)(_once)?\(([^)]+)~
LINE: 18

FILE: system/library/template/twig.php
CODE: if (is_file($file)) {
LINE: 13
----------------------------------------------------------------
MOD: DEV-OPENCART.COM —  Localcopy (Загрузка без настроек FTP)

FILE: admin/controller/marketplace/install.php
CODE: if ($safe) {
LINE: 165
CODE: if (is_dir($file) && !is_dir($path)) {
LINE: 221
----------------------------------------------------------------
2025-01-28 13:54:45 - MOD: Modification Default

FILE: system/engine/action.php
REGEX: ~(require|include)(_once)?\(([^)]+)~
LINE: 69

FILE: system/engine/loader.php
REGEX: ~(require|include)(_once)?\(([^)]+)~
LINE: 77
LINE: 151
LINE: 168

FILE: system/library/config.php
REGEX: ~(require|include)(_once)?\(([^)]+)~
LINE: 59

FILE: system/library/language.php
REGEX: ~(require|include)(_once)?\(([^)]+)~
LINE: 67
LINE: 73

FILE: system/library/template/template.php
REGEX: ~(require|include)(_once)?\(([^)]+)~
LINE: 18

FILE: system/library/template/twig.php
CODE: if (is_file($file)) {
LINE: 13
----------------------------------------------------------------
MOD: DEV-OPENCART.COM —  Localcopy (Загрузка без настроек FTP)

FILE: admin/controller/marketplace/install.php
CODE: if ($safe) {
LINE: 165
CODE: if (is_dir($file) && !is_dir($path)) {
LINE: 221
----------------------------------------------------------------
